// Vitest Snapshot v1

exports[`SignUp > should mount component 1`] = `
"<div class=\\"sign-in\\" data-v-facc1a62=\\"\\">
  <div class=\\"sign-in__bg\\" data-v-facc1a62=\\"\\">
    <div class=\\"el-image sign-in__bg__img\\" data-v-facc1a62=\\"\\">
      <!--v-if-->
      <div class=\\"el-image__wrapper\\">
        <div class=\\"el-image__placeholder\\"></div>
      </div>
      <!--v-if-->
    </div>
    <div class=\\"sign-in__bg__credits\\" data-v-facc1a62=\\"\\"> Photo by <a href=\\"https://unsplash.com/@nickhamze?utm_source=unsplash&amp;utm_medium=referral&amp;utm_content=creditCopyText\\" data-v-facc1a62=\\"\\">Nick Hamze</a> on <a href=\\"https://unsplash.com/s/photos/video-game?utm_source=unsplash&amp;utm_medium=referral&amp;utm_content=creditCopyText\\" data-v-facc1a62=\\"\\">Unsplash</a></div>
  </div>
  <div class=\\"sign-in__card\\" data-v-facc1a62=\\"\\">
    <div class=\\"el-card is-always-shadow sign-in__card__el\\" data-v-facc1a62=\\"\\">
      <!--v-if-->
      <div class=\\"el-card__body\\" style=\\"\\">
        <h1 data-v-facc1a62=\\"\\">Heroll - Sign Up</h1><button class=\\"el-button el-button--primary el-button--large\\" aria-disabled=\\"false\\" type=\\"button\\" data-testid=\\"signup\\" data-v-facc1a62=\\"\\"><i class=\\"el-icon\\"><svg viewBox=\\"0 0 1024 1024\\" xmlns=\\"http://www.w3.org/2000/svg\\">
              <path fill=\\"currentColor\\" d=\\"M288 320a224 224 0 1 0 448 0 224 224 0 1 0-448 0zm544 608H160a32 32 0 0 1-32-32v-96a160 160 0 0 1 160-160h448a160 160 0 0 1 160 160v96a32 32 0 0 1-32 32z\\"></path>
            </svg></i><span class=\\"\\"> Sign Up With Google </span></button>
      </div>
    </div>
  </div>
</div>"
`;
